20:17:20 **** Clean-only build of configuration Debug for project tdse-tp0_05-hw_sw_test ****
make -j4 clean 
rm -rf ./app/src/app.cyclo ./app/src/app.d ./app/src/app.o ./app/src/app.su ./app/src/logger.cyclo ./app/src/logger.d ./app/src/logger.o ./app/src/logger.su ./app/src/task_a.cyclo ./app/src/task_a.d ./app/src/task_a.o ./app/src/task_a.su ./app/src/task_b.cyclo ./app/src/task_b.d ./app/src/task_b.o ./app/src/task_b.su ./app/src/task_c.cyclo ./app/src/task_c.d ./app/src/task_c.o ./app/src/task_c.su
rm -rf ./Drivers/STM32F1xx_HAL_Driver/Src/stm32f1xx_hal.cyclo ./Drivers/STM32F1xx_HAL_Driver/Src/stm32f1xx_hal.d ./Drivers/STM32F1xx_HAL_Driver/Src/stm32f1xx_hal.o ./Drivers/STM32F1xx_HAL_Driver/Src/stm32f1xx_hal.su ./Drivers/STM32F1xx_HAL_Driver/Src/stm32f1xx_hal_cortex.cyclo ./Drivers/STM32F1xx_HAL_Driver/Src/stm32f1xx_hal_cortex.d ./Drivers/STM32F1xx_HAL_Driver/Src/stm32f1xx_hal_cortex.o ./Drivers/STM32F1xx_HAL_Driver/Src/stm32f1xx_hal_cortex.su ./Drivers/STM32F1xx_HAL_Driver/Src/stm32f1xx_hal_dma.cyclo ./Drivers/STM32F1xx_HAL_Driver/Src/stm32f1xx_hal_dma.d ./Drivers/STM32F1xx_HAL_Driver/Src/stm32f1xx_hal_dma.o ./Drivers/STM32F1xx_HAL_Driver/Src/stm32f1xx_hal_dma.su ./Drivers/STM32F1xx_HAL_Driver/Src/stm32f1xx_hal_exti.cyclo ./Drivers/STM32F1xx_HAL_Driver/Src/stm32f1xx_hal_exti.d ./Drivers/STM32F1xx_HAL_Driver/Src/stm32f1xx_hal_exti.o ./Drivers/STM32F1xx_HAL_Driver/Src/stm32f1xx_hal_exti.su ./Drivers/STM32F1xx_HAL_Driver/Src/stm32f1xx_hal_flash.cyclo ./Drivers/STM32F1xx_HAL_Driver/Src/stm32f1xx_hal_flash.d ./Drivers/STM32F1xx_HAL_Driver/Src/stm32f1xx_hal_flash.o ./Drivers/STM32F1xx_HAL_Driver/Src/stm32f1xx_hal_flash.su ./Drivers/STM32F1xx_HAL_Driver/Src/stm32f1xx_hal_flash_ex.cyclo ./Drivers/STM32F1xx_HAL_Driver/Src/stm32f1xx_hal_flash_ex.d ./Drivers/STM32F1xx_HAL_Driver/Src/stm32f1xx_hal_flash_ex.o ./Drivers/STM32F1xx_HAL_Driver/Src/stm32f1xx_hal_flash_ex.su ./Drivers/STM32F1xx_HAL_Driver/Src/stm32f1xx_hal_gpio.cyclo ./Drivers/STM32F1xx_HAL_Driver/Src/stm32f1xx_hal_gpio.d ./Drivers/STM32F1xx_HAL_Driver/Src/stm32f1xx_hal_gpio.o ./Drivers/STM32F1xx_HAL_Driver/Src/stm32f1xx_hal_gpio.su ./Drivers/STM32F1xx_HAL_Driver/Src/stm32f1xx_hal_gpio_ex.cyclo ./Drivers/STM32F1xx_HAL_Driver/Src/stm32f1xx_hal_gpio_ex.d ./Drivers/STM32F1xx_HAL_Driver/Src/stm32f1xx_hal_gpio_ex.o ./Drivers/STM32F1xx_HAL_Driver/Src/stm32f1xx_hal_gpio_ex.su ./Drivers/STM32F1xx_HAL_Driver/Src/stm32f1xx_hal_pwr.cyclo ./Drivers/STM32F1xx_HAL_Driver/Src/stm32f1xx_hal_pwr.d ./Drivers/STM32F1xx_HAL_Driver/Src/stm32f1xx_hal_pwr.o ./Drivers/STM32F1xx_HAL_Driver/Src/stm32f1xx_hal_pwr.su ./Drivers/STM32F1xx_HAL_Driver/Src/stm32f1xx_hal_rcc.cyclo ./Drivers/STM32F1xx_HAL_Driver/Src/stm32f1xx_hal_rcc.d ./Drivers/STM32F1xx_HAL_Driver/Src/stm32f1xx_hal_rcc.o ./Drivers/STM32F1xx_HAL_Driver/Src/stm32f1xx_hal_rcc.su ./Drivers/STM32F1xx_HAL_Driver/Src/stm32f1xx_hal_rcc_ex.cyclo ./Drivers/STM32F1xx_HAL_Driver/Src/stm32f1xx_hal_rcc_ex.d ./Drivers/STM32F1xx_HAL_Driver/Src/stm32f1xx_hal_rcc_ex.o ./Drivers/STM32F1xx_HAL_Driver/Src/stm32f1xx_hal_rcc_ex.su ./Drivers/STM32F1xx_HAL_Driver/Src/stm32f1xx_hal_uart.cyclo ./Drivers/STM32F1xx_HAL_Driver/Src/stm32f1xx_hal_uart.d ./Drivers/STM32F1xx_HAL_Driver/Src/stm32f1xx_hal_uart.o ./Drivers/STM32F1xx_HAL_Driver/Src/stm32f1xx_hal_uart.su
rm -rf ./Core/Startup/startup_stm32f103rbtx.d ./Core/Startup/startup_stm32f103rbtx.o
rm -rf ./Core/Src/main.cyclo ./Core/Src/main.d ./Core/Src/main.o ./Core/Src/main.su ./Core/Src/stm32f1xx_hal_msp.cyclo ./Core/Src/stm32f1xx_hal_msp.d ./Core/Src/stm32f1xx_hal_msp.o ./Core/Src/stm32f1xx_hal_msp.su ./Core/Src/stm32f1xx_it.cyclo ./Core/Src/stm32f1xx_it.d ./Core/Src/stm32f1xx_it.o ./Core/Src/stm32f1xx_it.su ./Core/Src/sysmem.cyclo ./Core/Src/sysmem.d ./Core/Src/sysmem.o ./Core/Src/sysmem.su ./Core/Src/system_stm32f1xx.cyclo ./Core/Src/system_stm32f1xx.d ./Core/Src/system_stm32f1xx.o ./Core/Src/system_stm32f1xx.su
rm -rf default.size.stdout tdse-tp0_05-hw_sw_test.elf tdse-tp0_05-hw_sw_test.list tdse-tp0_05-hw_sw_test.map
 
20:17:22 **** Build of configuration Debug for project tdse-tp0_05-hw_sw_test ****
make -j4 all 
arm-none-eabi-gcc "../app/src/app.c" -mcpu=cortex-m3 -std=gnu11 -g3 -DDEBUG -DUSE_HAL_DRIVER -DSTM32F103xB -c -I../Core/Inc -I../Drivers/STM32F1xx_HAL_Driver/Inc -I../Drivers/STM32F1xx_HAL_Driver/Inc/Legacy -I../Drivers/CMSIS/Device/ST/STM32F1xx/Include -I../Drivers/CMSIS/Include -I../app/inc -O0 -ffunction-sections -fdata-sections -Wall -fstack-usage -fcyclomatic-complexity -MMD -MP -MF"app/src/app.d" -MT"app/src/app.o" --specs=nano.specs -mfloat-abi=soft -mthumb -o "app/src/app.o"
arm-none-eabi-gcc "../app/src/logger.c" -mcpu=cortex-m3 -std=gnu11 -g3 -DDEBUG -DUSE_HAL_DRIVER -DSTM32F103xB -c -I../Core/Inc -I../Drivers/STM32F1xx_HAL_Driver/Inc -I../Drivers/STM32F1xx_HAL_Driver/Inc/Legacy -I../Drivers/CMSIS/Device/ST/STM32F1xx/Include -I../Drivers/CMSIS/Include -I../app/inc -O0 -ffunction-sections -fdata-sections -Wall -fstack-usage -fcyclomatic-complexity -MMD -MP -MF"app/src/logger.d" -MT"app/src/logger.o" --specs=nano.specs -mfloat-abi=soft -mthumb -o "app/src/logger.o"
arm-none-eabi-gcc "../app/src/task_a.c" -mcpu=cortex-m3 -std=gnu11 -g3 -DDEBUG -DUSE_HAL_DRIVER -DSTM32F103xB -c -I../Core/Inc -I../Drivers/STM32F1xx_HAL_Driver/Inc -I../Drivers/STM32F1xx_HAL_Driver/Inc/Legacy -I../Drivers/CMSIS/Device/ST/STM32F1xx/Include -I../Drivers/CMSIS/Include -I../app/inc -O0 -ffunction-sections -fdata-sections -Wall -fstack-usage -fcyclomatic-complexity -MMD -MP -MF"app/src/task_a.d" -MT"app/src/task_a.o" --specs=nano.specs -mfloat-abi=soft -mthumb -o "app/src/task_a.o"
arm-none-eabi-gcc "../app/src/task_b.c" -mcpu=cortex-m3 -std=gnu11 -g3 -DDEBUG -DUSE_HAL_DRIVER -DSTM32F103xB -c -I../Core/Inc -I../Drivers/STM32F1xx_HAL_Driver/Inc -I../Drivers/STM32F1xx_HAL_Driver/Inc/Legacy -I../Drivers/CMSIS/Device/ST/STM32F1xx/Include -I../Drivers/CMSIS/Include -I../app/inc -O0 -ffunction-sections -fdata-sections -Wall -fstack-usage -fcyclomatic-complexity -MMD -MP -MF"app/src/task_b.d" -MT"app/src/task_b.o" --specs=nano.specs -mfloat-abi=soft -mthumb -o "app/src/task_b.o"
arm-none-eabi-gcc "../app/src/task_c.c" -mcpu=cortex-m3 -std=gnu11 -g3 -DDEBUG -DUSE_HAL_DRIVER -DSTM32F103xB -c -I../Core/Inc -I../Drivers/STM32F1xx_HAL_Driver/Inc -I../Drivers/STM32F1xx_HAL_Driver/Inc/Legacy -I../Drivers/CMSIS/Device/ST/STM32F1xx/Include -I../Drivers/CMSIS/Include -I../app/inc -O0 -ffunction-sections -fdata-sections -Wall -fstack-usage -fcyclomatic-complexity -MMD -MP -MF"app/src/task_c.d" -MT"app/src/task_c.o" --specs=nano.specs -mfloat-abi=soft -mthumb -o "app/src/task_c.o"
arm-none-eabi-gcc "../Drivers/STM32F1xx_HAL_Driver/Src/stm32f1xx_hal.c" -mcpu=cortex-m3 -std=gnu11 -g3 -DDEBUG -DUSE_HAL_DRIVER -DSTM32F103xB -c -I../Core/Inc -I../Drivers/STM32F1xx_HAL_Driver/Inc -I../Drivers/STM32F1xx_HAL_Driver/Inc/Legacy -I../Drivers/CMSIS/Device/ST/STM32F1xx/Include -I../Drivers/CMSIS/Include -I../app/inc -O0 -ffunction-sections -fdata-sections -Wall -fstack-usage -fcyclomatic-complexity -MMD -MP -MF"Drivers/STM32F1xx_HAL_Driver/Src/stm32f1xx_hal.d" -MT"Drivers/STM32F1xx_HAL_Driver/Src/stm32f1xx_hal.o" --specs=nano.specs -mfloat-abi=soft -mthumb -o "Drivers/STM32F1xx_HAL_Driver/Src/stm32f1xx_hal.o"
arm-none-eabi-gcc "../Drivers/STM32F1xx_HAL_Driver/Src/stm32f1xx_hal_cortex.c" -mcpu=cortex-m3 -std=gnu11 -g3 -DDEBUG -DUSE_HAL_DRIVER -DSTM32F103xB -c -I../Core/Inc -I../Drivers/STM32F1xx_HAL_Driver/Inc -I../Drivers/STM32F1xx_HAL_Driver/Inc/Legacy -I../Drivers/CMSIS/Device/ST/STM32F1xx/Include -I../Drivers/CMSIS/Include -I../app/inc -O0 -ffunction-sections -fdata-sections -Wall -fstack-usage -fcyclomatic-complexity -MMD -MP -MF"Drivers/STM32F1xx_HAL_Driver/Src/stm32f1xx_hal_cortex.d" -MT"Drivers/STM32F1xx_HAL_Driver/Src/stm32f1xx_hal_cortex.o" --specs=nano.specs -mfloat-abi=soft -mthumb -o "Drivers/STM32F1xx_HAL_Driver/Src/stm32f1xx_hal_cortex.o"
arm-none-eabi-gcc "../Drivers/STM32F1xx_HAL_Driver/Src/stm32f1xx_hal_dma.c" -mcpu=cortex-m3 -std=gnu11 -g3 -DDEBUG -DUSE_HAL_DRIVER -DSTM32F103xB -c -I../Core/Inc -I../Drivers/STM32F1xx_HAL_Driver/Inc -I../Drivers/STM32F1xx_HAL_Driver/Inc/Legacy -I../Drivers/CMSIS/Device/ST/STM32F1xx/Include -I../Drivers/CMSIS/Include -I../app/inc -O0 -ffunction-sections -fdata-sections -Wall -fstack-usage -fcyclomatic-complexity -MMD -MP -MF"Drivers/STM32F1xx_HAL_Driver/Src/stm32f1xx_hal_dma.d" -MT"Drivers/STM32F1xx_HAL_Driver/Src/stm32f1xx_hal_dma.o" --specs=nano.specs -mfloat-abi=soft -mthumb -o "Drivers/STM32F1xx_HAL_Driver/Src/stm32f1xx_hal_dma.o"
arm-none-eabi-gcc "../Drivers/STM32F1xx_HAL_Driver/Src/stm32f1xx_hal_exti.c" -mcpu=cortex-m3 -std=gnu11 -g3 -DDEBUG -DUSE_HAL_DRIVER -DSTM32F103xB -c -I../Core/Inc -I../Drivers/STM32F1xx_HAL_Driver/Inc -I../Drivers/STM32F1xx_HAL_Driver/Inc/Legacy -I../Drivers/CMSIS/Device/ST/STM32F1xx/Include -I../Drivers/CMSIS/Include -I../app/inc -O0 -ffunction-sections -fdata-sections -Wall -fstack-usage -fcyclomatic-complexity -MMD -MP -MF"Drivers/STM32F1xx_HAL_Driver/Src/stm32f1xx_hal_exti.d" -MT"Drivers/STM32F1xx_HAL_Driver/Src/stm32f1xx_hal_exti.o" --specs=nano.specs -mfloat-abi=soft -mthumb -o "Drivers/STM32F1xx_HAL_Driver/Src/stm32f1xx_hal_exti.o"
arm-none-eabi-gcc "../Drivers/STM32F1xx_HAL_Driver/Src/stm32f1xx_hal_flash.c" -mcpu=cortex-m3 -std=gnu11 -g3 -DDEBUG -DUSE_HAL_DRIVER -DSTM32F103xB -c -I../Core/Inc -I../Drivers/STM32F1xx_HAL_Driver/Inc -I../Drivers/STM32F1xx_HAL_Driver/Inc/Legacy -I../Drivers/CMSIS/Device/ST/STM32F1xx/Include -I../Drivers/CMSIS/Include -I../app/inc -O0 -ffunction-sections -fdata-sections -Wall -fstack-usage -fcyclomatic-complexity -MMD -MP -MF"Drivers/STM32F1xx_HAL_Driver/Src/stm32f1xx_hal_flash.d" -MT"Drivers/STM32F1xx_HAL_Driver/Src/stm32f1xx_hal_flash.o" --specs=nano.specs -mfloat-abi=soft -mthumb -o "Drivers/STM32F1xx_HAL_Driver/Src/stm32f1xx_hal_flash.o"
arm-none-eabi-gcc "../Drivers/STM32F1xx_HAL_Driver/Src/stm32f1xx_hal_flash_ex.c" -mcpu=cortex-m3 -std=gnu11 -g3 -DDEBUG -DUSE_HAL_DRIVER -DSTM32F103xB -c -I../Core/Inc -I../Drivers/STM32F1xx_HAL_Driver/Inc -I../Drivers/STM32F1xx_HAL_Driver/Inc/Legacy -I../Drivers/CMSIS/Device/ST/STM32F1xx/Include -I../Drivers/CMSIS/Include -I../app/inc -O0 -ffunction-sections -fdata-sections -Wall -fstack-usage -fcyclomatic-complexity -MMD -MP -MF"Drivers/STM32F1xx_HAL_Driver/Src/stm32f1xx_hal_flash_ex.d" -MT"Drivers/STM32F1xx_HAL_Driver/Src/stm32f1xx_hal_flash_ex.o" --specs=nano.specs -mfloat-abi=soft -mthumb -o "Drivers/STM32F1xx_HAL_Driver/Src/stm32f1xx_hal_flash_ex.o"
arm-none-eabi-gcc "../Drivers/STM32F1xx_HAL_Driver/Src/stm32f1xx_hal_gpio.c" -mcpu=cortex-m3 -std=gnu11 -g3 -DDEBUG -DUSE_HAL_DRIVER -DSTM32F103xB -c -I../Core/Inc -I../Drivers/STM32F1xx_HAL_Driver/Inc -I../Drivers/STM32F1xx_HAL_Driver/Inc/Legacy -I../Drivers/CMSIS/Device/ST/STM32F1xx/Include -I../Drivers/CMSIS/Include -I../app/inc -O0 -ffunction-sections -fdata-sections -Wall -fstack-usage -fcyclomatic-complexity -MMD -MP -MF"Drivers/STM32F1xx_HAL_Driver/Src/stm32f1xx_hal_gpio.d" -MT"Drivers/STM32F1xx_HAL_Driver/Src/stm32f1xx_hal_gpio.o" --specs=nano.specs -mfloat-abi=soft -mthumb -o "Drivers/STM32F1xx_HAL_Driver/Src/stm32f1xx_hal_gpio.o"
arm-none-eabi-gcc "../Drivers/STM32F1xx_HAL_Driver/Src/stm32f1xx_hal_gpio_ex.c" -mcpu=cortex-m3 -std=gnu11 -g3 -DDEBUG -DUSE_HAL_DRIVER -DSTM32F103xB -c -I../Core/Inc -I../Drivers/STM32F1xx_HAL_Driver/Inc -I../Drivers/STM32F1xx_HAL_Driver/Inc/Legacy -I../Drivers/CMSIS/Device/ST/STM32F1xx/Include -I../Drivers/CMSIS/Include -I../app/inc -O0 -ffunction-sections -fdata-sections -Wall -fstack-usage -fcyclomatic-complexity -MMD -MP -MF"Drivers/STM32F1xx_HAL_Driver/Src/stm32f1xx_hal_gpio_ex.d" -MT"Drivers/STM32F1xx_HAL_Driver/Src/stm32f1xx_hal_gpio_ex.o" --specs=nano.specs -mfloat-abi=soft -mthumb -o "Drivers/STM32F1xx_HAL_Driver/Src/stm32f1xx_hal_gpio_ex.o"
arm-none-eabi-gcc "../Drivers/STM32F1xx_HAL_Driver/Src/stm32f1xx_hal_pwr.c" -mcpu=cortex-m3 -std=gnu11 -g3 -DDEBUG -DUSE_HAL_DRIVER -DSTM32F103xB -c -I../Core/Inc -I../Drivers/STM32F1xx_HAL_Driver/Inc -I../Drivers/STM32F1xx_HAL_Driver/Inc/Legacy -I../Drivers/CMSIS/Device/ST/STM32F1xx/Include -I../Drivers/CMSIS/Include -I../app/inc -O0 -ffunction-sections -fdata-sections -Wall -fstack-usage -fcyclomatic-complexity -MMD -MP -MF"Drivers/STM32F1xx_HAL_Driver/Src/stm32f1xx_hal_pwr.d" -MT"Drivers/STM32F1xx_HAL_Driver/Src/stm32f1xx_hal_pwr.o" --specs=nano.specs -mfloat-abi=soft -mthumb -o "Drivers/STM32F1xx_HAL_Driver/Src/stm32f1xx_hal_pwr.o"
arm-none-eabi-gcc "../Drivers/STM32F1xx_HAL_Driver/Src/stm32f1xx_hal_rcc.c" -mcpu=cortex-m3 -std=gnu11 -g3 -DDEBUG -DUSE_HAL_DRIVER -DSTM32F103xB -c -I../Core/Inc -I../Drivers/STM32F1xx_HAL_Driver/Inc -I../Drivers/STM32F1xx_HAL_Driver/Inc/Legacy -I../Drivers/CMSIS/Device/ST/STM32F1xx/Include -I../Drivers/CMSIS/Include -I../app/inc -O0 -ffunction-sections -fdata-sections -Wall -fstack-usage -fcyclomatic-complexity -MMD -MP -MF"Drivers/STM32F1xx_HAL_Driver/Src/stm32f1xx_hal_rcc.d" -MT"Drivers/STM32F1xx_HAL_Driver/Src/stm32f1xx_hal_rcc.o" --specs=nano.specs -mfloat-abi=soft -mthumb -o "Drivers/STM32F1xx_HAL_Driver/Src/stm32f1xx_hal_rcc.o"
arm-none-eabi-gcc "../Drivers/STM32F1xx_HAL_Driver/Src/stm32f1xx_hal_rcc_ex.c" -mcpu=cortex-m3 -std=gnu11 -g3 -DDEBUG -DUSE_HAL_DRIVER -DSTM32F103xB -c -I../Core/Inc -I../Drivers/STM32F1xx_HAL_Driver/Inc -I../Drivers/STM32F1xx_HAL_Driver/Inc/Legacy -I../Drivers/CMSIS/Device/ST/STM32F1xx/Include -I../Drivers/CMSIS/Include -I../app/inc -O0 -ffunction-sections -fdata-sections -Wall -fstack-usage -fcyclomatic-complexity -MMD -MP -MF"Drivers/STM32F1xx_HAL_Driver/Src/stm32f1xx_hal_rcc_ex.d" -MT"Drivers/STM32F1xx_HAL_Driver/Src/stm32f1xx_hal_rcc_ex.o" --specs=nano.specs -mfloat-abi=soft -mthumb -o "Drivers/STM32F1xx_HAL_Driver/Src/stm32f1xx_hal_rcc_ex.o"
arm-none-eabi-gcc "../Drivers/STM32F1xx_HAL_Driver/Src/stm32f1xx_hal_uart.c" -mcpu=cortex-m3 -std=gnu11 -g3 -DDEBUG -DUSE_HAL_DRIVER -DSTM32F103xB -c -I../Core/Inc -I../Drivers/STM32F1xx_HAL_Driver/Inc -I../Drivers/STM32F1xx_HAL_Driver/Inc/Legacy -I../Drivers/CMSIS/Device/ST/STM32F1xx/Include -I../Drivers/CMSIS/Include -I../app/inc -O0 -ffunction-sections -fdata-sections -Wall -fstack-usage -fcyclomatic-complexity -MMD -MP -MF"Drivers/STM32F1xx_HAL_Driver/Src/stm32f1xx_hal_uart.d" -MT"Drivers/STM32F1xx_HAL_Driver/Src/stm32f1xx_hal_uart.o" --specs=nano.specs -mfloat-abi=soft -mthumb -o "Drivers/STM32F1xx_HAL_Driver/Src/stm32f1xx_hal_uart.o"
arm-none-eabi-gcc -mcpu=cortex-m3 -g3 -DDEBUG -c -x assembler-with-cpp -MMD -MP -MF"Core/Startup/startup_stm32f103rbtx.d" -MT"Core/Startup/startup_stm32f103rbtx.o" --specs=nano.specs -mfloat-abi=soft -mthumb -o "Core/Startup/startup_stm32f103rbtx.o" "../Core/Startup/startup_stm32f103rbtx.s"
arm-none-eabi-gcc "../Core/Src/main.c" -mcpu=cortex-m3 -std=gnu11 -g3 -DDEBUG -DUSE_HAL_DRIVER -DSTM32F103xB -c -I../Core/Inc -I../Drivers/STM32F1xx_HAL_Driver/Inc -I../Drivers/STM32F1xx_HAL_Driver/Inc/Legacy -I../Drivers/CMSIS/Device/ST/STM32F1xx/Include -I../Drivers/CMSIS/Include -I../app/inc -O0 -ffunction-sections -fdata-sections -Wall -fstack-usage -fcyclomatic-complexity -MMD -MP -MF"Core/Src/main.d" -MT"Core/Src/main.o" --specs=nano.specs -mfloat-abi=soft -mthumb -o "Core/Src/main.o"
arm-none-eabi-gcc "../Core/Src/stm32f1xx_hal_msp.c" -mcpu=cortex-m3 -std=gnu11 -g3 -DDEBUG -DUSE_HAL_DRIVER -DSTM32F103xB -c -I../Core/Inc -I../Drivers/STM32F1xx_HAL_Driver/Inc -I../Drivers/STM32F1xx_HAL_Driver/Inc/Legacy -I../Drivers/CMSIS/Device/ST/STM32F1xx/Include -I../Drivers/CMSIS/Include -I../app/inc -O0 -ffunction-sections -fdata-sections -Wall -fstack-usage -fcyclomatic-complexity -MMD -MP -MF"Core/Src/stm32f1xx_hal_msp.d" -MT"Core/Src/stm32f1xx_hal_msp.o" --specs=nano.specs -mfloat-abi=soft -mthumb -o "Core/Src/stm32f1xx_hal_msp.o"
arm-none-eabi-gcc "../Core/Src/stm32f1xx_it.c" -mcpu=cortex-m3 -std=gnu11 -g3 -DDEBUG -DUSE_HAL_DRIVER -DSTM32F103xB -c -I../Core/Inc -I../Drivers/STM32F1xx_HAL_Driver/Inc -I../Drivers/STM32F1xx_HAL_Driver/Inc/Legacy -I../Drivers/CMSIS/Device/ST/STM32F1xx/Include -I../Drivers/CMSIS/Include -I../app/inc -O0 -ffunction-sections -fdata-sections -Wall -fstack-usage -fcyclomatic-complexity -MMD -MP -MF"Core/Src/stm32f1xx_it.d" -MT"Core/Src/stm32f1xx_it.o" --specs=nano.specs -mfloat-abi=soft -mthumb -o "Core/Src/stm32f1xx_it.o"
arm-none-eabi-gcc "../Core/Src/sysmem.c" -mcpu=cortex-m3 -std=gnu11 -g3 -DDEBUG -DUSE_HAL_DRIVER -DSTM32F103xB -c -I../Core/Inc -I../Drivers/STM32F1xx_HAL_Driver/Inc -I../Drivers/STM32F1xx_HAL_Driver/Inc/Legacy -I../Drivers/CMSIS/Device/ST/STM32F1xx/Include -I../Drivers/CMSIS/Include -I../app/inc -O0 -ffunction-sections -fdata-sections -Wall -fstack-usage -fcyclomatic-complexity -MMD -MP -MF"Core/Src/sysmem.d" -MT"Core/Src/sysmem.o" --specs=nano.specs -mfloat-abi=soft -mthumb -o "Core/Src/sysmem.o"
arm-none-eabi-gcc "../Core/Src/system_stm32f1xx.c" -mcpu=cortex-m3 -std=gnu11 -g3 -DDEBUG -DUSE_HAL_DRIVER -DSTM32F103xB -c -I../Core/Inc -I../Drivers/STM32F1xx_HAL_Driver/Inc -I../Drivers/STM32F1xx_HAL_Driver/Inc/Legacy -I../Drivers/CMSIS/Device/ST/STM32F1xx/Include -I../Drivers/CMSIS/Include -I../app/inc -O0 -ffunction-sections -fdata-sections -Wall -fstack-usage -fcyclomatic-complexity -MMD -MP -MF"Core/Src/system_stm32f1xx.d" -MT"Core/Src/system_stm32f1xx.o" --specs=nano.specs -mfloat-abi=soft -mthumb -o "Core/Src/system_stm32f1xx.o"
arm-none-eabi-gcc -o "tdse-tp0_05-hw_sw_test.elf" @"objects.list"  -lrdimon -mcpu=cortex-m3 -T"/home/sebastian/FIUBA-2do Cuatrimestre/Taller de Embebidos/TP0/tdse_workspace_tp0/tdse-tp0_05-hw_sw_test/STM32F103RBTX_FLASH.ld" --specs=nosys.specs -Wl,-Map="tdse-tp0_05-hw_sw_test.map" -Wl,--gc-sections -static -specs=rdimon.specs --specs=nano.specs -mfloat-abi=soft -mthumb -Wl,--start-group -lc -lm -Wl,--end-group
Finished building target: tdse-tp0_05-hw_sw_test.elf
 
arm-none-eabi-size  tdse-tp0_05-hw_sw_test.elf 
arm-none-eabi-objdump -h -S tdse-tp0_05-hw_sw_test.elf  > "tdse-tp0_05-hw_sw_test.list"
   text	   data	    bss	    dec	    hex	filename
  14104	    132	   2260	  16496	   4070	tdse-tp0_05-hw_sw_test.elf
Finished building: default.size.stdout
 
Finished building: tdse-tp0_05-hw_sw_test.list
 
20:17:40 **** Incremental Build of configuration Debug for project tdse-tp2_01-model_integration ****
make -j4 all 
arm-none-eabi-size  tdse-tp2_01-model_integration.elf 
   text	   data	    bss	    dec	    hex	filename
  15584	    152	   2312	  18048	   4680	tdse-tp2_01-model_integration.elf
Finished building: default.size.stdout
 
20:18:07 **** Incremental Build of configuration Debug for project tdse-tp0_05-hw_sw_test ****
make -j4 all 
arm-none-eabi-size  tdse-tp0_05-hw_sw_test.elf 
   text	   data	    bss	    dec	    hex	filename
  14104	    132	   2260	  16496	   4070	tdse-tp0_05-hw_sw_test.elf
Finished building: default.size.stdout
 
20:20:21 **** Incremental Build of configuration Debug for project tdse-tp2_01-model_integration ****
make -j4 all 
arm-none-eabi-size  tdse-tp2_01-model_integration.elf 
   text	   data	    bss	    dec	    hex	filename
  15584	    152	   2312	  18048	   4680	tdse-tp2_01-model_integration.elf
Finished building: default.size.stdout
 
20:31:16 **** Incremental Build of configuration Debug for project tdse-tp0_05-hw_sw_test ****
make -j4 all 
arm-none-eabi-size  tdse-tp0_05-hw_sw_test.elf 
   text	   data	    bss	    dec	    hex	filename
  14104	    132	   2260	  16496	   4070	tdse-tp0_05-hw_sw_test.elf
Finished building: default.size.stdout
 
20:31:17 **** Incremental Build of configuration Debug for project tdse-tp2_01-model_integration ****
make -j4 all 
arm-none-eabi-size  tdse-tp2_01-model_integration.elf 
   text	   data	    bss	    dec	    hex	filename
  15584	    152	   2312	  18048	   4680	tdse-tp2_01-model_integration.elf
Finished building: default.size.stdout
 
17:54:20 **** Build of configuration Debug for project tdse-tp0_05-hw_sw_test ****
make -j4 all 
arm-none-eabi-size  tdse-tp0_05-hw_sw_test.elf 
   text	   data	    bss	    dec	    hex	filename
  14104	    132	   2260	  16496	   4070	tdse-tp0_05-hw_sw_test.elf
Finished building: default.size.stdout
 
17:54:22 **** Build of configuration Debug for project tdse-tp2_01-model_integration ****
make -j4 all 
arm-none-eabi-gcc "../app/src/task_sensor.c" -mcpu=cortex-m3 -std=gnu11 -g3 -DDEBUG -DUSE_HAL_DRIVER -DSTM32F103xB -c -I../Core/Inc -I../Drivers/STM32F1xx_HAL_Driver/Inc -I../Drivers/STM32F1xx_HAL_Driver/Inc/Legacy -I../Drivers/CMSIS/Device/ST/STM32F1xx/Include -I../Drivers/CMSIS/Include -I../app/inc -O0 -ffunction-sections -fdata-sections -Wall -fstack-usage -fcyclomatic-complexity -MMD -MP -MF"app/src/task_sensor.d" -MT"app/src/task_sensor.o" --specs=nano.specs -mfloat-abi=soft -mthumb -o "app/src/task_sensor.o"
arm-none-eabi-gcc -o "tdse-tp2_01-model_integration.elf" @"objects.list"  -lrdimon -mcpu=cortex-m3 -T"/home/sebastian/FIUBA-2do Cuatrimestre/Taller de Embebidos/TP2/tdse_workspace_tp2/tdse-tp2_01-model_integration/STM32F103RBTX_FLASH.ld" --specs=nosys.specs -Wl,-Map="tdse-tp2_01-model_integration.map" -Wl,--gc-sections -static -specs=rdimon.specs --specs=nano.specs -mfloat-abi=soft -mthumb -Wl,--start-group -lc -lm -Wl,--end-group
Finished building target: tdse-tp2_01-model_integration.elf
 
arm-none-eabi-size  tdse-tp2_01-model_integration.elf 
arm-none-eabi-objdump -h -S tdse-tp2_01-model_integration.elf  > "tdse-tp2_01-model_integration.list"
   text	   data	    bss	    dec	    hex	filename
  15584	    152	   2312	  18048	   4680	tdse-tp2_01-model_integration.elf
Finished building: default.size.stdout
 
Finished building: tdse-tp2_01-model_integration.list
 
18:05:03 **** Incremental Build of configuration Debug for project tdse-tp2_01-model_integration ****
make -j4 all 
arm-none-eabi-size  tdse-tp2_01-model_integration.elf 
   text	   data	    bss	    dec	    hex	filename
  15584	    152	   2312	  18048	   4680	tdse-tp2_01-model_integration.elf
Finished building: default.size.stdout
 
18:05:14 **** Incremental Build of configuration Debug for project tdse-tp2_01-model_integration ****
make -j4 all 
arm-none-eabi-size  tdse-tp2_01-model_integration.elf 
   text	   data	    bss	    dec	    hex	filename
  15584	    152	   2312	  18048	   4680	tdse-tp2_01-model_integration.elf
Finished building: default.size.stdout
 
18:13:17 **** Incremental Build of configuration Debug for project tdse-tp2_01-model_integration ****
make -j4 all 
arm-none-eabi-size  tdse-tp2_01-model_integration.elf 
   text	   data	    bss	    dec	    hex	filename
  15584	    152	   2312	  18048	   4680	tdse-tp2_01-model_integration.elf
Finished building: default.size.stdout
 
18:14:04 **** Incremental Build of configuration Debug for project tdse-tp2_01-model_integration ****
make -j4 all 
arm-none-eabi-size  tdse-tp2_01-model_integration.elf 
   text	   data	    bss	    dec	    hex	filename
  15584	    152	   2312	  18048	   4680	tdse-tp2_01-model_integration.elf
Finished building: default.size.stdout
 
18:15:06 **** Incremental Build of configuration Debug for project tdse-tp2_01-model_integration ****
make -j4 all 
arm-none-eabi-size  tdse-tp2_01-model_integration.elf 
   text	   data	    bss	    dec	    hex	filename
  15584	    152	   2312	  18048	   4680	tdse-tp2_01-model_integration.elf
Finished building: default.size.stdout
 
18:17:36 **** Incremental Build of configuration Debug for project tdse-tp2_01-model_integration ****
make -j4 all 
arm-none-eabi-size  tdse-tp2_01-model_integration.elf 
   text	   data	    bss	    dec	    hex	filename
  15584	    152	   2312	  18048	   4680	tdse-tp2_01-model_integration.elf
Finished building: default.size.stdout
 
18:17:50 **** Incremental Build of configuration Debug for project tdse-tp2_01-model_integration ****
make -j4 all 
arm-none-eabi-size  tdse-tp2_01-model_integration.elf 
   text	   data	    bss	    dec	    hex	filename
  15584	    152	   2312	  18048	   4680	tdse-tp2_01-model_integration.elf
Finished building: default.size.stdout
 
21:27:52 **** Incremental Build of configuration Debug for project tdse-tp2_01-model_integration ****
make -j4 all 
arm-none-eabi-size  tdse-tp2_01-model_integration.elf 
   text	   data	    bss	    dec	    hex	filename
  15584	    152	   2312	  18048	   4680	tdse-tp2_01-model_integration.elf
Finished building: default.size.stdout
 
21:31:51 **** Incremental Build of configuration Debug for project tdse-tp2_01-model_integration ****
make -j4 all 
arm-none-eabi-size  tdse-tp2_01-model_integration.elf 
   text	   data	    bss	    dec	    hex	filename
  15584	    152	   2312	  18048	   4680	tdse-tp2_01-model_integration.elf
Finished building: default.size.stdout
 
23:45:22 **** Incremental Build of configuration Debug for project tdse-tp2_01-model_integration ****
make -j4 all 
arm-none-eabi-size  tdse-tp2_01-model_integration.elf 
   text	   data	    bss	    dec	    hex	filename
  15584	    152	   2312	  18048	   4680	tdse-tp2_01-model_integration.elf
Finished building: default.size.stdout
 
23:45:31 **** Incremental Build of configuration Debug for project tdse-tp2_01-model_integration ****
make -j4 all 
arm-none-eabi-size  tdse-tp2_01-model_integration.elf 
   text	   data	    bss	    dec	    hex	filename
  15584	    152	   2312	  18048	   4680	tdse-tp2_01-model_integration.elf
Finished building: default.size.stdout
 
12:46:54 **** Build of configuration Debug for project tdse-tp2_01-model_integration ****
make -j4 all 
arm-none-eabi-size  tdse-tp2_01-model_integration.elf 
   text	   data	    bss	    dec	    hex	filename
  15584	    152	   2312	  18048	   4680	tdse-tp2_01-model_integration.elf
Finished building: default.size.stdout
 
12:48:39 **** Incremental Build of configuration Debug for project tdse-tp2_01-model_integration ****
make -j4 all 
arm-none-eabi-size  tdse-tp2_01-model_integration.elf 
   text	   data	    bss	    dec	    hex	filename
  15584	    152	   2312	  18048	   4680	tdse-tp2_01-model_integration.elf
Finished building: default.size.stdout
 
12:49:40 **** Incremental Build of configuration Debug for project tdse-tp2_01-model_integration ****
make -j4 all 
arm-none-eabi-size  tdse-tp2_01-model_integration.elf 
   text	   data	    bss	    dec	    hex	filename
  15584	    152	   2312	  18048	   4680	tdse-tp2_01-model_integration.elf
Finished building: default.size.stdout
 
12:51:59 **** Incremental Build of configuration Debug for project tdse-tp2_01-model_integration ****
make -j4 all 
arm-none-eabi-size  tdse-tp2_01-model_integration.elf 
   text	   data	    bss	    dec	    hex	filename
  15584	    152	   2312	  18048	   4680	tdse-tp2_01-model_integration.elf
Finished building: default.size.stdout
 
15:44:44 **** Incremental Build of configuration Debug for project tdse-tp2_01-model_integration ****
make -j4 all 
arm-none-eabi-gcc "../app/src/task_sensor.c" -mcpu=cortex-m3 -std=gnu11 -g3 -DDEBUG -DUSE_HAL_DRIVER -DSTM32F103xB -c -I../Core/Inc -I../Drivers/STM32F1xx_HAL_Driver/Inc -I../Drivers/STM32F1xx_HAL_Driver/Inc/Legacy -I../Drivers/CMSIS/Device/ST/STM32F1xx/Include -I../Drivers/CMSIS/Include -I../app/inc -O0 -ffunction-sections -fdata-sections -Wall -fstack-usage -fcyclomatic-complexity -MMD -MP -MF"app/src/task_sensor.d" -MT"app/src/task_sensor.o" --specs=nano.specs -mfloat-abi=soft -mthumb -o "app/src/task_sensor.o"
../app/src/task_sensor.c:71:26: error: 'ST_BTN_XX_UP' undeclared here (not in a function); did you mean 'ST_BTN_01_UP'?
   71 |         {DEL_BTN_XX_MIN, ST_BTN_XX_UP, EV_BTN_XX_UP}
      |                          ^~~~~~~~~~~~
      |                          ST_BTN_01_UP
../app/src/task_sensor.c:71:40: error: 'EV_BTN_XX_UP' undeclared here (not in a function); did you mean 'EV_BTN_01_UP'?
   71 |         {DEL_BTN_XX_MIN, ST_BTN_XX_UP, EV_BTN_XX_UP}
      |                                        ^~~~~~~~~~~~
      |                                        EV_BTN_01_UP
../app/src/task_sensor.c: In function 'task_sensor_update':
../app/src/task_sensor.c:181:95: error: 'TICK_MAX' undeclared (first use in this function)
  181 |                                         if ((EV_BTN_01_DOWN == p_task_sensor_dta->event) && ( TICK_MAX == p_task_sensor_dta->tick)  )
      |                                                                                               ^~~~~~~~
../app/src/task_sensor.c:181:95: note: each undeclared identifier is reported only once for each function it appears in
../app/src/task_sensor.c:151:18: warning: label 'https' defined but not used [-Wunused-label]
  151 |                 }https://miro.com/welcomeonboard/c2VzRlNsNEVvalBhTnpDWklUTFhCd2daanBqbkZRRHJEWisrcXowVTZtck5KQjVxQTNsYU9JNzN5cEFGU1QxTm42dHpIemJHMUl4NVZnR3NncmlWUE9lZzBLUUNKaFpFSG1HSXh6ZmxTRE5tTEtoYi9rU0RKY3dZQks4dTBtQWhhWWluRVAxeXRuUUgwWDl3Mk1qRGVRPT0hdjE=?share_link_id=780371918415
      |                  ^~~~~
make: *** [app/src/subdir.mk:37: app/src/task_sensor.o] Error 1
"make -j4 all" terminated with exit code 2. Build might be incomplete.
15:47:47 **** Incremental Build of configuration Debug for project tdse-tp2_01-model_integration ****
make -j4 all 
arm-none-eabi-gcc "../app/src/task_sensor.c" -mcpu=cortex-m3 -std=gnu11 -g3 -DDEBUG -DUSE_HAL_DRIVER -DSTM32F103xB -c -I../Core/Inc -I../Drivers/STM32F1xx_HAL_Driver/Inc -I../Drivers/STM32F1xx_HAL_Driver/Inc/Legacy -I../Drivers/CMSIS/Device/ST/STM32F1xx/Include -I../Drivers/CMSIS/Include -I../app/inc -O0 -ffunction-sections -fdata-sections -Wall -fstack-usage -fcyclomatic-complexity -MMD -MP -MF"app/src/task_sensor.d" -MT"app/src/task_sensor.o" --specs=nano.specs -mfloat-abi=soft -mthumb -o "app/src/task_sensor.o"
../app/src/task_sensor.c: In function 'task_sensor_update':
../app/src/task_sensor.c:153:18: warning: label 'https' defined but not used [-Wunused-label]
  153 |                 }https://miro.com/welcomeonboard/c2VzRlNsNEVvalBhTnpDWklUTFhCd2daanBqbkZRRHJEWisrcXowVTZtck5KQjVxQTNsYU9JNzN5cEFGU1QxTm42dHpIemJHMUl4NVZnR3NncmlWUE9lZzBLUUNKaFpFSG1HSXh6ZmxTRE5tTEtoYi9rU0RKY3dZQks4dTBtQWhhWWluRVAxeXRuUUgwWDl3Mk1qRGVRPT0hdjE=?share_link_id=780371918415
      |                  ^~~~~
arm-none-eabi-gcc -o "tdse-tp2_01-model_integration.elf" @"objects.list"  -lrdimon -mcpu=cortex-m3 -T"/home/sebastian/FIUBA-2do Cuatrimestre/Taller de Embebidos/TP2/tdse_workspace_tp2/tdse-tp2_01-model_integration/STM32F103RBTX_FLASH.ld" --specs=nosys.specs -Wl,-Map="tdse-tp2_01-model_integration.map" -Wl,--gc-sections -static -specs=rdimon.specs --specs=nano.specs -mfloat-abi=soft -mthumb -Wl,--start-group -lc -lm -Wl,--end-group
Finished building target: tdse-tp2_01-model_integration.elf
 
arm-none-eabi-size  tdse-tp2_01-model_integration.elf 
arm-none-eabi-objdump -h -S tdse-tp2_01-model_integration.elf  > "tdse-tp2_01-model_integration.list"
   text	   data	    bss	    dec	    hex	filename
  15652	    160	   2304	  18116	   46c4	tdse-tp2_01-model_integration.elf
Finished building: default.size.stdout
 
Finished building: tdse-tp2_01-model_integration.list
 
15:49:02 **** Incremental Build of configuration Debug for project tdse-tp2_01-model_integration ****
make -j4 all 
arm-none-eabi-gcc "../app/src/task_sensor.c" -mcpu=cortex-m3 -std=gnu11 -g3 -DDEBUG -DUSE_HAL_DRIVER -DSTM32F103xB -c -I../Core/Inc -I../Drivers/STM32F1xx_HAL_Driver/Inc -I../Drivers/STM32F1xx_HAL_Driver/Inc/Legacy -I../Drivers/CMSIS/Device/ST/STM32F1xx/Include -I../Drivers/CMSIS/Include -I../app/inc -O0 -ffunction-sections -fdata-sections -Wall -fstack-usage -fcyclomatic-complexity -MMD -MP -MF"app/src/task_sensor.d" -MT"app/src/task_sensor.o" --specs=nano.specs -mfloat-abi=soft -mthumb -o "app/src/task_sensor.o"
arm-none-eabi-gcc -o "tdse-tp2_01-model_integration.elf" @"objects.list"  -lrdimon -mcpu=cortex-m3 -T"/home/sebastian/FIUBA-2do Cuatrimestre/Taller de Embebidos/TP2/tdse_workspace_tp2/tdse-tp2_01-model_integration/STM32F103RBTX_FLASH.ld" --specs=nosys.specs -Wl,-Map="tdse-tp2_01-model_integration.map" -Wl,--gc-sections -static -specs=rdimon.specs --specs=nano.specs -mfloat-abi=soft -mthumb -Wl,--start-group -lc -lm -Wl,--end-group
Finished building target: tdse-tp2_01-model_integration.elf
 
arm-none-eabi-size  tdse-tp2_01-model_integration.elf 
arm-none-eabi-objdump -h -S tdse-tp2_01-model_integration.elf  > "tdse-tp2_01-model_integration.list"
   text	   data	    bss	    dec	    hex	filename
  15652	    160	   2304	  18116	   46c4	tdse-tp2_01-model_integration.elf
Finished building: default.size.stdout
 
Finished building: tdse-tp2_01-model_integration.list
 
15:49:20 **** Incremental Build of configuration Debug for project tdse-tp2_01-model_integration ****
make -j4 all 
arm-none-eabi-size  tdse-tp2_01-model_integration.elf 
   text	   data	    bss	    dec	    hex	filename
  15652	    160	   2304	  18116	   46c4	tdse-tp2_01-model_integration.elf
Finished building: default.size.stdout
 
